[0.833s] Invoking command in '/home/germangiraffe/Documents/tester/ros2_ws/src/MROV-25-ROS-OPERATOR': PYTHONPATH=/home/germangiraffe/Documents/tester/ros2_ws/src/MROV-25-ROS-OPERATOR/build/MROV_25_ROS_OPERATOR/prefix_override:/usr/lib/python3/dist-packages/colcon_core/task/python/colcon_distutils_commands:/home/germangiraffe/Documents/tester/ros2_ws/src/MROV-25-ROS-OPERATOR/install/MROV_25_ROS_OPERATOR/lib/python3.10/site-packages:${PYTHONPATH} /usr/bin/python3 -W ignore:setup.py install is deprecated -W ignore:easy_install command is deprecated setup.py egg_info --egg-base build/MROV_25_ROS_OPERATOR build --build-base /home/germangiraffe/Documents/tester/ros2_ws/src/MROV-25-ROS-OPERATOR/build/MROV_25_ROS_OPERATOR/build install --record /home/germangiraffe/Documents/tester/ros2_ws/src/MROV-25-ROS-OPERATOR/build/MROV_25_ROS_OPERATOR/install.log --single-version-externally-managed install_data
[1.209s] running egg_info
[1.210s] writing build/MROV_25_ROS_OPERATOR/MROV_25_ROS_OPERATOR.egg-info/PKG-INFO
[1.212s] writing dependency_links to build/MROV_25_ROS_OPERATOR/MROV_25_ROS_OPERATOR.egg-info/dependency_links.txt
[1.213s] writing entry points to build/MROV_25_ROS_OPERATOR/MROV_25_ROS_OPERATOR.egg-info/entry_points.txt
[1.213s] writing requirements to build/MROV_25_ROS_OPERATOR/MROV_25_ROS_OPERATOR.egg-info/requires.txt
[1.213s] writing top-level names to build/MROV_25_ROS_OPERATOR/MROV_25_ROS_OPERATOR.egg-info/top_level.txt
[1.214s] reading manifest file 'build/MROV_25_ROS_OPERATOR/MROV_25_ROS_OPERATOR.egg-info/SOURCES.txt'
[1.215s] adding license file 'LICENSE'
[1.218s] writing manifest file 'build/MROV_25_ROS_OPERATOR/MROV_25_ROS_OPERATOR.egg-info/SOURCES.txt'
[1.218s] running build
[1.218s] running build_py
[1.220s] copying MROV_25_ROS_OPERATOR/joy_to_controller.py -> /home/germangiraffe/Documents/tester/ros2_ws/src/MROV-25-ROS-OPERATOR/build/MROV_25_ROS_OPERATOR/build/lib/MROV_25_ROS_OPERATOR
[1.220s] running install
[1.220s] running install_lib
[1.221s] copying /home/germangiraffe/Documents/tester/ros2_ws/src/MROV-25-ROS-OPERATOR/build/MROV_25_ROS_OPERATOR/build/lib/MROV_25_ROS_OPERATOR/joy_to_controller.py -> /home/germangiraffe/Documents/tester/ros2_ws/src/MROV-25-ROS-OPERATOR/install/MROV_25_ROS_OPERATOR/lib/python3.10/site-packages/MROV_25_ROS_OPERATOR
[1.221s] byte-compiling /home/germangiraffe/Documents/tester/ros2_ws/src/MROV-25-ROS-OPERATOR/install/MROV_25_ROS_OPERATOR/lib/python3.10/site-packages/MROV_25_ROS_OPERATOR/joy_to_controller.py to joy_to_controller.cpython-310.pyc
[1.222s] running install_data
[1.223s] running install_egg_info
[1.225s] removing '/home/germangiraffe/Documents/tester/ros2_ws/src/MROV-25-ROS-OPERATOR/install/MROV_25_ROS_OPERATOR/lib/python3.10/site-packages/MROV_25_ROS_OPERATOR-0.0.0-py3.10.egg-info' (and everything under it)
[1.226s] Copying build/MROV_25_ROS_OPERATOR/MROV_25_ROS_OPERATOR.egg-info to /home/germangiraffe/Documents/tester/ros2_ws/src/MROV-25-ROS-OPERATOR/install/MROV_25_ROS_OPERATOR/lib/python3.10/site-packages/MROV_25_ROS_OPERATOR-0.0.0-py3.10.egg-info
[1.227s] running install_scripts
[1.253s] Installing controller script to /home/germangiraffe/Documents/tester/ros2_ws/src/MROV-25-ROS-OPERATOR/install/MROV_25_ROS_OPERATOR/lib/MROV_25_ROS_OPERATOR
[1.254s] Installing joy_to_controller script to /home/germangiraffe/Documents/tester/ros2_ws/src/MROV-25-ROS-OPERATOR/install/MROV_25_ROS_OPERATOR/lib/MROV_25_ROS_OPERATOR
[1.255s] writing list of installed files to '/home/germangiraffe/Documents/tester/ros2_ws/src/MROV-25-ROS-OPERATOR/build/MROV_25_ROS_OPERATOR/install.log'
[1.278s] Invoked command in '/home/germangiraffe/Documents/tester/ros2_ws/src/MROV-25-ROS-OPERATOR' returned '0': PYTHONPATH=/home/germangiraffe/Documents/tester/ros2_ws/src/MROV-25-ROS-OPERATOR/build/MROV_25_ROS_OPERATOR/prefix_override:/usr/lib/python3/dist-packages/colcon_core/task/python/colcon_distutils_commands:/home/germangiraffe/Documents/tester/ros2_ws/src/MROV-25-ROS-OPERATOR/install/MROV_25_ROS_OPERATOR/lib/python3.10/site-packages:${PYTHONPATH} /usr/bin/python3 -W ignore:setup.py install is deprecated -W ignore:easy_install command is deprecated setup.py egg_info --egg-base build/MROV_25_ROS_OPERATOR build --build-base /home/germangiraffe/Documents/tester/ros2_ws/src/MROV-25-ROS-OPERATOR/build/MROV_25_ROS_OPERATOR/build install --record /home/germangiraffe/Documents/tester/ros2_ws/src/MROV-25-ROS-OPERATOR/build/MROV_25_ROS_OPERATOR/install.log --single-version-externally-managed install_data
