running egg_info
creating build/MROV_25_ROS_OPERATOR/MROV_25_ROS_OPERATOR.egg-info
writing build/MROV_25_ROS_OPERATOR/MROV_25_ROS_OPERATOR.egg-info/PKG-INFO
writing dependency_links to build/MROV_25_ROS_OPERATOR/MROV_25_ROS_OPERATOR.egg-info/dependency_links.txt
writing entry points to build/MROV_25_ROS_OPERATOR/MROV_25_ROS_OPERATOR.egg-info/entry_points.txt
writing requirements to build/MROV_25_ROS_OPERATOR/MROV_25_ROS_OPERATOR.egg-info/requires.txt
writing top-level names to build/MROV_25_ROS_OPERATOR/MROV_25_ROS_OPERATOR.egg-info/top_level.txt
writing manifest file 'build/MROV_25_ROS_OPERATOR/MROV_25_ROS_OPERATOR.egg-info/SOURCES.txt'
reading manifest file 'build/MROV_25_ROS_OPERATOR/MROV_25_ROS_OPERATOR.egg-info/SOURCES.txt'
adding license file 'LICENSE'
writing manifest file 'build/MROV_25_ROS_OPERATOR/MROV_25_ROS_OPERATOR.egg-info/SOURCES.txt'
running build
running build_py
creating /home/germangiraffe/Documents/tester/ros2_ws/src/MROV-25-ROS-OPERATOR/build/MROV_25_ROS_OPERATOR/build
creating /home/germangiraffe/Documents/tester/ros2_ws/src/MROV-25-ROS-OPERATOR/build/MROV_25_ROS_OPERATOR/build/lib
creating /home/germangiraffe/Documents/tester/ros2_ws/src/MROV-25-ROS-OPERATOR/build/MROV_25_ROS_OPERATOR/build/lib/MROV_25_ROS_OPERATOR
copying MROV_25_ROS_OPERATOR/__init__.py -> /home/germangiraffe/Documents/tester/ros2_ws/src/MROV-25-ROS-OPERATOR/build/MROV_25_ROS_OPERATOR/build/lib/MROV_25_ROS_OPERATOR
copying MROV_25_ROS_OPERATOR/controller.py -> /home/germangiraffe/Documents/tester/ros2_ws/src/MROV-25-ROS-OPERATOR/build/MROV_25_ROS_OPERATOR/build/lib/MROV_25_ROS_OPERATOR
copying MROV_25_ROS_OPERATOR/joy_to_controller.py -> /home/germangiraffe/Documents/tester/ros2_ws/src/MROV-25-ROS-OPERATOR/build/MROV_25_ROS_OPERATOR/build/lib/MROV_25_ROS_OPERATOR
running install
running install_lib
creating /home/germangiraffe/Documents/tester/ros2_ws/src/MROV-25-ROS-OPERATOR/install/MROV_25_ROS_OPERATOR/lib/python3.10/site-packages/MROV_25_ROS_OPERATOR
copying /home/germangiraffe/Documents/tester/ros2_ws/src/MROV-25-ROS-OPERATOR/build/MROV_25_ROS_OPERATOR/build/lib/MROV_25_ROS_OPERATOR/__init__.py -> /home/germangiraffe/Documents/tester/ros2_ws/src/MROV-25-ROS-OPERATOR/install/MROV_25_ROS_OPERATOR/lib/python3.10/site-packages/MROV_25_ROS_OPERATOR
copying /home/germangiraffe/Documents/tester/ros2_ws/src/MROV-25-ROS-OPERATOR/build/MROV_25_ROS_OPERATOR/build/lib/MROV_25_ROS_OPERATOR/controller.py -> /home/germangiraffe/Documents/tester/ros2_ws/src/MROV-25-ROS-OPERATOR/install/MROV_25_ROS_OPERATOR/lib/python3.10/site-packages/MROV_25_ROS_OPERATOR
copying /home/germangiraffe/Documents/tester/ros2_ws/src/MROV-25-ROS-OPERATOR/build/MROV_25_ROS_OPERATOR/build/lib/MROV_25_ROS_OPERATOR/joy_to_controller.py -> /home/germangiraffe/Documents/tester/ros2_ws/src/MROV-25-ROS-OPERATOR/install/MROV_25_ROS_OPERATOR/lib/python3.10/site-packages/MROV_25_ROS_OPERATOR
byte-compiling /home/germangiraffe/Documents/tester/ros2_ws/src/MROV-25-ROS-OPERATOR/install/MROV_25_ROS_OPERATOR/lib/python3.10/site-packages/MROV_25_ROS_OPERATOR/__init__.py to __init__.cpython-310.pyc
byte-compiling /home/germangiraffe/Documents/tester/ros2_ws/src/MROV-25-ROS-OPERATOR/install/MROV_25_ROS_OPERATOR/lib/python3.10/site-packages/MROV_25_ROS_OPERATOR/controller.py to controller.cpython-310.pyc
byte-compiling /home/germangiraffe/Documents/tester/ros2_ws/src/MROV-25-ROS-OPERATOR/install/MROV_25_ROS_OPERATOR/lib/python3.10/site-packages/MROV_25_ROS_OPERATOR/joy_to_controller.py to joy_to_controller.cpython-310.pyc
running install_data
creating /home/germangiraffe/Documents/tester/ros2_ws/src/MROV-25-ROS-OPERATOR/install/MROV_25_ROS_OPERATOR/share/ament_index
creating /home/germangiraffe/Documents/tester/ros2_ws/src/MROV-25-ROS-OPERATOR/install/MROV_25_ROS_OPERATOR/share/ament_index/resource_index
creating /home/germangiraffe/Documents/tester/ros2_ws/src/MROV-25-ROS-OPERATOR/install/MROV_25_ROS_OPERATOR/share/ament_index/resource_index/packages
copying resource/MROV_25_ROS_OPERATOR -> /home/germangiraffe/Documents/tester/ros2_ws/src/MROV-25-ROS-OPERATOR/install/MROV_25_ROS_OPERATOR/share/ament_index/resource_index/packages
copying package.xml -> /home/germangiraffe/Documents/tester/ros2_ws/src/MROV-25-ROS-OPERATOR/install/MROV_25_ROS_OPERATOR/share/MROV_25_ROS_OPERATOR
creating /home/germangiraffe/Documents/tester/ros2_ws/src/MROV-25-ROS-OPERATOR/install/MROV_25_ROS_OPERATOR/share/MROV_25_ROS_OPERATOR/launch
copying launch/main_launch.py -> /home/germangiraffe/Documents/tester/ros2_ws/src/MROV-25-ROS-OPERATOR/install/MROV_25_ROS_OPERATOR/share/MROV_25_ROS_OPERATOR/launch
running install_egg_info
Copying build/MROV_25_ROS_OPERATOR/MROV_25_ROS_OPERATOR.egg-info to /home/germangiraffe/Documents/tester/ros2_ws/src/MROV-25-ROS-OPERATOR/install/MROV_25_ROS_OPERATOR/lib/python3.10/site-packages/MROV_25_ROS_OPERATOR-0.0.0-py3.10.egg-info
running install_scripts
Installing controller script to /home/germangiraffe/Documents/tester/ros2_ws/src/MROV-25-ROS-OPERATOR/install/MROV_25_ROS_OPERATOR/lib/MROV_25_ROS_OPERATOR
Installing joy_to_controller script to /home/germangiraffe/Documents/tester/ros2_ws/src/MROV-25-ROS-OPERATOR/install/MROV_25_ROS_OPERATOR/lib/MROV_25_ROS_OPERATOR
writing list of installed files to '/home/germangiraffe/Documents/tester/ros2_ws/src/MROV-25-ROS-OPERATOR/build/MROV_25_ROS_OPERATOR/install.log'
