[1.866s] Invoking command in '/home/germangiraffe/Documents/tester/ros2_ws/src/MROV-25-ROS-OPERATOR': PYTHONPATH=/home/germangiraffe/Documents/tester/ros2_ws/src/MROV-25-ROS-OPERATOR/build/MROV_25_ROS_OPERATOR/prefix_override:/usr/lib/python3/dist-packages/colcon_core/task/python/colcon_distutils_commands:/home/germangiraffe/Documents/tester/ros2_ws/src/MROV-25-ROS-OPERATOR/install/MROV_25_ROS_OPERATOR/lib/python3.10/site-packages:${PYTHONPATH} /usr/bin/python3 -W ignore:setup.py install is deprecated -W ignore:easy_install command is deprecated setup.py egg_info --egg-base build/MROV_25_ROS_OPERATOR build --build-base /home/germangiraffe/Documents/tester/ros2_ws/src/MROV-25-ROS-OPERATOR/build/MROV_25_ROS_OPERATOR/build install --record /home/germangiraffe/Documents/tester/ros2_ws/src/MROV-25-ROS-OPERATOR/build/MROV_25_ROS_OPERATOR/install.log --single-version-externally-managed install_data
[2.267s] running egg_info
[2.268s] creating build/MROV_25_ROS_OPERATOR/MROV_25_ROS_OPERATOR.egg-info
[2.268s] writing build/MROV_25_ROS_OPERATOR/MROV_25_ROS_OPERATOR.egg-info/PKG-INFO
[2.269s] writing dependency_links to build/MROV_25_ROS_OPERATOR/MROV_25_ROS_OPERATOR.egg-info/dependency_links.txt
[2.269s] writing entry points to build/MROV_25_ROS_OPERATOR/MROV_25_ROS_OPERATOR.egg-info/entry_points.txt
[2.270s] writing requirements to build/MROV_25_ROS_OPERATOR/MROV_25_ROS_OPERATOR.egg-info/requires.txt
[2.271s] writing top-level names to build/MROV_25_ROS_OPERATOR/MROV_25_ROS_OPERATOR.egg-info/top_level.txt
[2.271s] writing manifest file 'build/MROV_25_ROS_OPERATOR/MROV_25_ROS_OPERATOR.egg-info/SOURCES.txt'
[2.274s] reading manifest file 'build/MROV_25_ROS_OPERATOR/MROV_25_ROS_OPERATOR.egg-info/SOURCES.txt'
[2.275s] adding license file 'LICENSE'
[2.276s] writing manifest file 'build/MROV_25_ROS_OPERATOR/MROV_25_ROS_OPERATOR.egg-info/SOURCES.txt'
[2.277s] running build
[2.277s] running build_py
[2.278s] creating /home/germangiraffe/Documents/tester/ros2_ws/src/MROV-25-ROS-OPERATOR/build/MROV_25_ROS_OPERATOR/build
[2.278s] creating /home/germangiraffe/Documents/tester/ros2_ws/src/MROV-25-ROS-OPERATOR/build/MROV_25_ROS_OPERATOR/build/lib
[2.283s] creating /home/germangiraffe/Documents/tester/ros2_ws/src/MROV-25-ROS-OPERATOR/build/MROV_25_ROS_OPERATOR/build/lib/MROV_25_ROS_OPERATOR
[2.283s] copying MROV_25_ROS_OPERATOR/__init__.py -> /home/germangiraffe/Documents/tester/ros2_ws/src/MROV-25-ROS-OPERATOR/build/MROV_25_ROS_OPERATOR/build/lib/MROV_25_ROS_OPERATOR
[2.283s] copying MROV_25_ROS_OPERATOR/controller.py -> /home/germangiraffe/Documents/tester/ros2_ws/src/MROV-25-ROS-OPERATOR/build/MROV_25_ROS_OPERATOR/build/lib/MROV_25_ROS_OPERATOR
[2.285s] copying MROV_25_ROS_OPERATOR/joy_to_controller.py -> /home/germangiraffe/Documents/tester/ros2_ws/src/MROV-25-ROS-OPERATOR/build/MROV_25_ROS_OPERATOR/build/lib/MROV_25_ROS_OPERATOR
[2.286s] running install
[2.286s] running install_lib
[2.289s] creating /home/germangiraffe/Documents/tester/ros2_ws/src/MROV-25-ROS-OPERATOR/install/MROV_25_ROS_OPERATOR/lib/python3.10/site-packages/MROV_25_ROS_OPERATOR
[2.290s] copying /home/germangiraffe/Documents/tester/ros2_ws/src/MROV-25-ROS-OPERATOR/build/MROV_25_ROS_OPERATOR/build/lib/MROV_25_ROS_OPERATOR/__init__.py -> /home/germangiraffe/Documents/tester/ros2_ws/src/MROV-25-ROS-OPERATOR/install/MROV_25_ROS_OPERATOR/lib/python3.10/site-packages/MROV_25_ROS_OPERATOR
[2.291s] copying /home/germangiraffe/Documents/tester/ros2_ws/src/MROV-25-ROS-OPERATOR/build/MROV_25_ROS_OPERATOR/build/lib/MROV_25_ROS_OPERATOR/controller.py -> /home/germangiraffe/Documents/tester/ros2_ws/src/MROV-25-ROS-OPERATOR/install/MROV_25_ROS_OPERATOR/lib/python3.10/site-packages/MROV_25_ROS_OPERATOR
[2.291s] copying /home/germangiraffe/Documents/tester/ros2_ws/src/MROV-25-ROS-OPERATOR/build/MROV_25_ROS_OPERATOR/build/lib/MROV_25_ROS_OPERATOR/joy_to_controller.py -> /home/germangiraffe/Documents/tester/ros2_ws/src/MROV-25-ROS-OPERATOR/install/MROV_25_ROS_OPERATOR/lib/python3.10/site-packages/MROV_25_ROS_OPERATOR
[2.293s] byte-compiling /home/germangiraffe/Documents/tester/ros2_ws/src/MROV-25-ROS-OPERATOR/install/MROV_25_ROS_OPERATOR/lib/python3.10/site-packages/MROV_25_ROS_OPERATOR/__init__.py to __init__.cpython-310.pyc
[2.298s] byte-compiling /home/germangiraffe/Documents/tester/ros2_ws/src/MROV-25-ROS-OPERATOR/install/MROV_25_ROS_OPERATOR/lib/python3.10/site-packages/MROV_25_ROS_OPERATOR/controller.py to controller.cpython-310.pyc
[2.298s] byte-compiling /home/germangiraffe/Documents/tester/ros2_ws/src/MROV-25-ROS-OPERATOR/install/MROV_25_ROS_OPERATOR/lib/python3.10/site-packages/MROV_25_ROS_OPERATOR/joy_to_controller.py to joy_to_controller.cpython-310.pyc
[2.301s] running install_data
[2.301s] creating /home/germangiraffe/Documents/tester/ros2_ws/src/MROV-25-ROS-OPERATOR/install/MROV_25_ROS_OPERATOR/share/ament_index
[2.302s] creating /home/germangiraffe/Documents/tester/ros2_ws/src/MROV-25-ROS-OPERATOR/install/MROV_25_ROS_OPERATOR/share/ament_index/resource_index
[2.302s] creating /home/germangiraffe/Documents/tester/ros2_ws/src/MROV-25-ROS-OPERATOR/install/MROV_25_ROS_OPERATOR/share/ament_index/resource_index/packages
[2.302s] copying resource/MROV_25_ROS_OPERATOR -> /home/germangiraffe/Documents/tester/ros2_ws/src/MROV-25-ROS-OPERATOR/install/MROV_25_ROS_OPERATOR/share/ament_index/resource_index/packages
[2.303s] copying package.xml -> /home/germangiraffe/Documents/tester/ros2_ws/src/MROV-25-ROS-OPERATOR/install/MROV_25_ROS_OPERATOR/share/MROV_25_ROS_OPERATOR
[2.305s] creating /home/germangiraffe/Documents/tester/ros2_ws/src/MROV-25-ROS-OPERATOR/install/MROV_25_ROS_OPERATOR/share/MROV_25_ROS_OPERATOR/launch
[2.305s] copying launch/main_launch.py -> /home/germangiraffe/Documents/tester/ros2_ws/src/MROV-25-ROS-OPERATOR/install/MROV_25_ROS_OPERATOR/share/MROV_25_ROS_OPERATOR/launch
[2.305s] running install_egg_info
[2.309s] Copying build/MROV_25_ROS_OPERATOR/MROV_25_ROS_OPERATOR.egg-info to /home/germangiraffe/Documents/tester/ros2_ws/src/MROV-25-ROS-OPERATOR/install/MROV_25_ROS_OPERATOR/lib/python3.10/site-packages/MROV_25_ROS_OPERATOR-0.0.0-py3.10.egg-info
[2.319s] running install_scripts
[2.353s] Installing controller script to /home/germangiraffe/Documents/tester/ros2_ws/src/MROV-25-ROS-OPERATOR/install/MROV_25_ROS_OPERATOR/lib/MROV_25_ROS_OPERATOR
[2.355s] Installing joy_to_controller script to /home/germangiraffe/Documents/tester/ros2_ws/src/MROV-25-ROS-OPERATOR/install/MROV_25_ROS_OPERATOR/lib/MROV_25_ROS_OPERATOR
[2.355s] writing list of installed files to '/home/germangiraffe/Documents/tester/ros2_ws/src/MROV-25-ROS-OPERATOR/build/MROV_25_ROS_OPERATOR/install.log'
[2.387s] Invoked command in '/home/germangiraffe/Documents/tester/ros2_ws/src/MROV-25-ROS-OPERATOR' returned '0': PYTHONPATH=/home/germangiraffe/Documents/tester/ros2_ws/src/MROV-25-ROS-OPERATOR/build/MROV_25_ROS_OPERATOR/prefix_override:/usr/lib/python3/dist-packages/colcon_core/task/python/colcon_distutils_commands:/home/germangiraffe/Documents/tester/ros2_ws/src/MROV-25-ROS-OPERATOR/install/MROV_25_ROS_OPERATOR/lib/python3.10/site-packages:${PYTHONPATH} /usr/bin/python3 -W ignore:setup.py install is deprecated -W ignore:easy_install command is deprecated setup.py egg_info --egg-base build/MROV_25_ROS_OPERATOR build --build-base /home/germangiraffe/Documents/tester/ros2_ws/src/MROV-25-ROS-OPERATOR/build/MROV_25_ROS_OPERATOR/build install --record /home/germangiraffe/Documents/tester/ros2_ws/src/MROV-25-ROS-OPERATOR/build/MROV_25_ROS_OPERATOR/install.log --single-version-externally-managed install_data
