[0.242s] DEBUG:colcon:Command line arguments: ['/usr/bin/colcon', 'build']
[0.242s] DEBUG:colcon:Parsed command line arguments: Namespace(log_base=None, log_level=None, verb_name='build', build_base='build', install_base='install', merge_install=False, symlink_install=False, test_result_base=None, continue_on_error=False, executor='parallel', parallel_workers=2, event_handlers=None, ignore_user_meta=False, metas=['./colcon.meta'], base_paths=['.'], packages_ignore=None, packages_ignore_regex=None, paths=None, packages_up_to=None, packages_up_to_regex=None, packages_above=None, packages_above_and_dependencies=None, packages_above_depth=None, packages_select_by_dep=None, packages_skip_by_dep=None, packages_skip_up_to=None, packages_select_build_failed=False, packages_skip_build_finished=False, packages_select_test_failures=False, packages_skip_test_passed=False, packages_select=None, packages_skip=None, packages_select_regex=None, packages_skip_regex=None, packages_start=None, packages_end=None, allow_overriding=[], cmake_args=None, cmake_target=None, cmake_target_skip_unavailable=False, cmake_clean_cache=False, cmake_clean_first=False, cmake_force_configure=False, ament_cmake_args=None, catkin_cmake_args=None, catkin_skip_building_tests=False, mixin_files=None, mixin=None, verb_parser=<colcon_mixin.mixin.mixin_argument.MixinArgumentDecorator object at 0x773ab5d65b40>, verb_extension=<colcon_core.verb.build.BuildVerb object at 0x773ab5e7aa10>, main=<bound method BuildVerb.main of <colcon_core.verb.build.BuildVerb object at 0x773ab5e7aa10>>, mixin_verb=('build',))
[0.633s] Level 1:colcon.colcon_core.package_discovery:discover_packages(colcon_meta) check parameters
[0.633s] Level 1:colcon.colcon_core.package_discovery:discover_packages(recursive) check parameters
[0.633s] Level 1:colcon.colcon_core.package_discovery:discover_packages(ignore) check parameters
[0.634s] Level 1:colcon.colcon_core.package_discovery:discover_packages(path) check parameters
[0.634s] Level 1:colcon.colcon_core.package_discovery:discover_packages(colcon_meta) discover
[0.634s] Level 1:colcon.colcon_core.package_discovery:discover_packages(recursive) discover
[0.634s] INFO:colcon.colcon_core.package_discovery:Crawling recursively for packages in '/home/germangiraffe/Documents/Robotics/MROV-25-ROS-OPERATOR'
[0.634s] Level 1:colcon.colcon_core.package_identification:_identify(.) by extensions ['ignore', 'ignore_ament_install']
[0.634s] Level 1:colcon.colcon_core.package_identification:_identify(.) by extension 'ignore'
[0.634s] Level 1:colcon.colcon_core.package_identification:_identify(.) by extension 'ignore_ament_install'
[0.634s] Level 1:colcon.colcon_core.package_identification:_identify(.) by extensions ['colcon_pkg']
[0.634s] Level 1:colcon.colcon_core.package_identification:_identify(.) by extension 'colcon_pkg'
[0.634s] Level 1:colcon.colcon_core.package_identification:_identify(.) by extensions ['colcon_meta']
[0.634s] Level 1:colcon.colcon_core.package_identification:_identify(.) by extension 'colcon_meta'
[0.634s] Level 1:colcon.colcon_core.package_identification:_identify(.) by extensions ['ros']
[0.634s] Level 1:colcon.colcon_core.package_identification:_identify(.) by extension 'ros'
[0.654s] DEBUG:colcon.colcon_core.package_identification:Package '.' with type 'ros.ament_python' and name 'MROV-25-ROS-OPERATOR'
[0.654s] Level 1:colcon.colcon_core.package_discovery:discover_packages(recursive) using defaults
[0.654s] Level 1:colcon.colcon_core.package_discovery:discover_packages(ignore) discover
[0.654s] Level 1:colcon.colcon_core.package_discovery:discover_packages(ignore) using defaults
[0.654s] Level 1:colcon.colcon_core.package_discovery:discover_packages(path) discover
[0.654s] Level 1:colcon.colcon_core.package_discovery:discover_packages(path) using defaults
[0.703s] Level 1:colcon.colcon_core.package_discovery:discover_packages(prefix_path) check parameters
[0.704s] Level 1:colcon.colcon_core.package_discovery:discover_packages(prefix_path) discover
[0.712s] DEBUG:colcon.colcon_installed_package_information.package_discovery:Found 314 installed packages in /opt/ros/humble
[0.713s] Level 1:colcon.colcon_core.package_discovery:discover_packages(prefix_path) using defaults
[0.827s] Level 5:colcon.colcon_core.verb:set package 'MROV-25-ROS-OPERATOR' build argument 'cmake_args' from command line to 'None'
[0.827s] Level 5:colcon.colcon_core.verb:set package 'MROV-25-ROS-OPERATOR' build argument 'cmake_target' from command line to 'None'
[0.827s] Level 5:colcon.colcon_core.verb:set package 'MROV-25-ROS-OPERATOR' build argument 'cmake_target_skip_unavailable' from command line to 'False'
[0.827s] Level 5:colcon.colcon_core.verb:set package 'MROV-25-ROS-OPERATOR' build argument 'cmake_clean_cache' from command line to 'False'
[0.827s] Level 5:colcon.colcon_core.verb:set package 'MROV-25-ROS-OPERATOR' build argument 'cmake_clean_first' from command line to 'False'
[0.827s] Level 5:colcon.colcon_core.verb:set package 'MROV-25-ROS-OPERATOR' build argument 'cmake_force_configure' from command line to 'False'
[0.827s] Level 5:colcon.colcon_core.verb:set package 'MROV-25-ROS-OPERATOR' build argument 'ament_cmake_args' from command line to 'None'
[0.827s] Level 5:colcon.colcon_core.verb:set package 'MROV-25-ROS-OPERATOR' build argument 'catkin_cmake_args' from command line to 'None'
[0.827s] Level 5:colcon.colcon_core.verb:set package 'MROV-25-ROS-OPERATOR' build argument 'catkin_skip_building_tests' from command line to 'False'
[0.827s] DEBUG:colcon.colcon_core.verb:Building package 'MROV-25-ROS-OPERATOR' with the following arguments: {'ament_cmake_args': None, 'build_base': '/home/germangiraffe/Documents/Robotics/MROV-25-ROS-OPERATOR/build/MROV-25-ROS-OPERATOR', 'catkin_cmake_args': None, 'catkin_skip_building_tests': False, 'cmake_args': None, 'cmake_clean_cache': False, 'cmake_clean_first': False, 'cmake_force_configure': False, 'cmake_target': None, 'cmake_target_skip_unavailable': False, 'install_base': '/home/germangiraffe/Documents/Robotics/MROV-25-ROS-OPERATOR/install/MROV-25-ROS-OPERATOR', 'merge_install': False, 'path': '/home/germangiraffe/Documents/Robotics/MROV-25-ROS-OPERATOR', 'symlink_install': False, 'test_result_base': None}
[0.827s] INFO:colcon.colcon_core.executor:Executing jobs using 'parallel' executor
[0.828s] DEBUG:colcon.colcon_parallel_executor.executor.parallel:run_until_complete
[0.828s] INFO:colcon.colcon_ros.task.ament_python.build:Building ROS package in '/home/germangiraffe/Documents/Robotics/MROV-25-ROS-OPERATOR' with build type 'ament_python'
[0.828s] Level 1:colcon.colcon_core.shell:create_environment_hook('MROV-25-ROS-OPERATOR', 'ament_prefix_path')
[0.839s] INFO:colcon.colcon_core.plugin_system:Skipping extension 'colcon_core.shell.bat': Not used on non-Windows systems
[0.839s] INFO:colcon.colcon_core.shell:Creating environment hook '/home/germangiraffe/Documents/Robotics/MROV-25-ROS-OPERATOR/install/MROV-25-ROS-OPERATOR/share/MROV-25-ROS-OPERATOR/hook/ament_prefix_path.ps1'
[0.840s] INFO:colcon.colcon_core.shell:Creating environment descriptor '/home/germangiraffe/Documents/Robotics/MROV-25-ROS-OPERATOR/install/MROV-25-ROS-OPERATOR/share/MROV-25-ROS-OPERATOR/hook/ament_prefix_path.dsv'
[0.841s] INFO:colcon.colcon_core.shell:Creating environment hook '/home/germangiraffe/Documents/Robotics/MROV-25-ROS-OPERATOR/install/MROV-25-ROS-OPERATOR/share/MROV-25-ROS-OPERATOR/hook/ament_prefix_path.sh'
[0.842s] INFO:colcon.colcon_core.shell:Skip shell extension 'powershell' for command environment: Not usable outside of PowerShell
[0.842s] DEBUG:colcon.colcon_core.shell:Skip shell extension 'dsv' for command environment
[1.050s] INFO:colcon.colcon_core.task.python.build:Building Python package in '/home/germangiraffe/Documents/Robotics/MROV-25-ROS-OPERATOR'
[1.050s] INFO:colcon.colcon_core.shell:Skip shell extension 'powershell' for command environment: Not usable outside of PowerShell
[1.050s] DEBUG:colcon.colcon_core.shell:Skip shell extension 'dsv' for command environment
[1.658s] DEBUG:colcon.colcon_core.event_handler.log_command:Invoking command in '/home/germangiraffe/Documents/Robotics/MROV-25-ROS-OPERATOR': PYTHONPATH=/home/germangiraffe/Documents/Robotics/MROV-25-ROS-OPERATOR/build/MROV-25-ROS-OPERATOR/prefix_override:/usr/lib/python3/dist-packages/colcon_core/task/python/colcon_distutils_commands:/home/germangiraffe/Documents/Robotics/MROV-25-ROS-OPERATOR/install/MROV-25-ROS-OPERATOR/lib/python3.10/site-packages:${PYTHONPATH} /usr/bin/python3 -W ignore:setup.py install is deprecated -W ignore:easy_install command is deprecated setup.py egg_info --egg-base build/MROV-25-ROS-OPERATOR build --build-base /home/germangiraffe/Documents/Robotics/MROV-25-ROS-OPERATOR/build/MROV-25-ROS-OPERATOR/build install --record /home/germangiraffe/Documents/Robotics/MROV-25-ROS-OPERATOR/build/MROV-25-ROS-OPERATOR/install.log --single-version-externally-managed install_data
[1.921s] DEBUG:colcon.colcon_core.event_handler.log_command:Invoked command in '/home/germangiraffe/Documents/Robotics/MROV-25-ROS-OPERATOR' returned '0': PYTHONPATH=/home/germangiraffe/Documents/Robotics/MROV-25-ROS-OPERATOR/build/MROV-25-ROS-OPERATOR/prefix_override:/usr/lib/python3/dist-packages/colcon_core/task/python/colcon_distutils_commands:/home/germangiraffe/Documents/Robotics/MROV-25-ROS-OPERATOR/install/MROV-25-ROS-OPERATOR/lib/python3.10/site-packages:${PYTHONPATH} /usr/bin/python3 -W ignore:setup.py install is deprecated -W ignore:easy_install command is deprecated setup.py egg_info --egg-base build/MROV-25-ROS-OPERATOR build --build-base /home/germangiraffe/Documents/Robotics/MROV-25-ROS-OPERATOR/build/MROV-25-ROS-OPERATOR/build install --record /home/germangiraffe/Documents/Robotics/MROV-25-ROS-OPERATOR/build/MROV-25-ROS-OPERATOR/install.log --single-version-externally-managed install_data
[1.932s] Level 1:colcon.colcon_core.environment:checking '/home/germangiraffe/Documents/Robotics/MROV-25-ROS-OPERATOR/install/MROV-25-ROS-OPERATOR' for CMake module files
[1.932s] Level 1:colcon.colcon_core.environment:checking '/home/germangiraffe/Documents/Robotics/MROV-25-ROS-OPERATOR/install/MROV-25-ROS-OPERATOR' for CMake config files
[1.933s] Level 1:colcon.colcon_core.environment:checking '/home/germangiraffe/Documents/Robotics/MROV-25-ROS-OPERATOR/install/MROV-25-ROS-OPERATOR/lib'
[1.933s] Level 1:colcon.colcon_core.environment:checking '/home/germangiraffe/Documents/Robotics/MROV-25-ROS-OPERATOR/install/MROV-25-ROS-OPERATOR/bin'
[1.933s] Level 1:colcon.colcon_core.environment:checking '/home/germangiraffe/Documents/Robotics/MROV-25-ROS-OPERATOR/install/MROV-25-ROS-OPERATOR/lib/pkgconfig/MROV-25-ROS-OPERATOR.pc'
[1.933s] Level 1:colcon.colcon_core.environment:checking '/home/germangiraffe/Documents/Robotics/MROV-25-ROS-OPERATOR/install/MROV-25-ROS-OPERATOR/lib/python3.10/site-packages'
[1.933s] Level 1:colcon.colcon_core.shell:create_environment_hook('MROV-25-ROS-OPERATOR', 'pythonpath')
[1.933s] INFO:colcon.colcon_core.shell:Creating environment hook '/home/germangiraffe/Documents/Robotics/MROV-25-ROS-OPERATOR/install/MROV-25-ROS-OPERATOR/share/MROV-25-ROS-OPERATOR/hook/pythonpath.ps1'
[1.934s] INFO:colcon.colcon_core.shell:Creating environment descriptor '/home/germangiraffe/Documents/Robotics/MROV-25-ROS-OPERATOR/install/MROV-25-ROS-OPERATOR/share/MROV-25-ROS-OPERATOR/hook/pythonpath.dsv'
[1.934s] INFO:colcon.colcon_core.shell:Creating environment hook '/home/germangiraffe/Documents/Robotics/MROV-25-ROS-OPERATOR/install/MROV-25-ROS-OPERATOR/share/MROV-25-ROS-OPERATOR/hook/pythonpath.sh'
[1.934s] Level 1:colcon.colcon_core.environment:checking '/home/germangiraffe/Documents/Robotics/MROV-25-ROS-OPERATOR/install/MROV-25-ROS-OPERATOR/bin'
[1.935s] Level 1:colcon.colcon_core.environment:create_environment_scripts_only(MROV-25-ROS-OPERATOR)
[1.935s] INFO:colcon.colcon_core.shell:Creating package script '/home/germangiraffe/Documents/Robotics/MROV-25-ROS-OPERATOR/install/MROV-25-ROS-OPERATOR/share/MROV-25-ROS-OPERATOR/package.ps1'
[1.936s] INFO:colcon.colcon_core.shell:Creating package descriptor '/home/germangiraffe/Documents/Robotics/MROV-25-ROS-OPERATOR/install/MROV-25-ROS-OPERATOR/share/MROV-25-ROS-OPERATOR/package.dsv'
[1.937s] INFO:colcon.colcon_core.shell:Creating package script '/home/germangiraffe/Documents/Robotics/MROV-25-ROS-OPERATOR/install/MROV-25-ROS-OPERATOR/share/MROV-25-ROS-OPERATOR/package.sh'
[1.938s] INFO:colcon.colcon_core.shell:Creating package script '/home/germangiraffe/Documents/Robotics/MROV-25-ROS-OPERATOR/install/MROV-25-ROS-OPERATOR/share/MROV-25-ROS-OPERATOR/package.bash'
[1.939s] INFO:colcon.colcon_core.shell:Creating package script '/home/germangiraffe/Documents/Robotics/MROV-25-ROS-OPERATOR/install/MROV-25-ROS-OPERATOR/share/MROV-25-ROS-OPERATOR/package.zsh'
[1.940s] Level 1:colcon.colcon_core.environment:create_file_with_runtime_dependencies(/home/germangiraffe/Documents/Robotics/MROV-25-ROS-OPERATOR/install/MROV-25-ROS-OPERATOR/share/colcon-core/packages/MROV-25-ROS-OPERATOR)
[1.941s] DEBUG:colcon.colcon_parallel_executor.executor.parallel:closing loop
[1.942s] DEBUG:colcon.colcon_parallel_executor.executor.parallel:loop closed
[1.942s] DEBUG:colcon.colcon_parallel_executor.executor.parallel:run_until_complete finished with '0'
[1.942s] DEBUG:colcon.colcon_core.event_reactor:joining thread
[1.956s] INFO:colcon.colcon_core.plugin_system:Skipping extension 'colcon_notification.desktop_notification.terminal_notifier': Not used on non-Darwin systems
[1.956s] INFO:colcon.colcon_core.plugin_system:Skipping extension 'colcon_notification.desktop_notification.win32': Not used on non-Windows systems
[1.956s] INFO:colcon.colcon_notification.desktop_notification:Sending desktop notification using 'notify2'
[2.088s] DEBUG:colcon.colcon_core.event_reactor:joined thread
[2.088s] INFO:colcon.colcon_core.shell:Creating prefix script '/home/germangiraffe/Documents/Robotics/MROV-25-ROS-OPERATOR/install/local_setup.ps1'
[2.090s] INFO:colcon.colcon_core.shell:Creating prefix util module '/home/germangiraffe/Documents/Robotics/MROV-25-ROS-OPERATOR/install/_local_setup_util_ps1.py'
[2.091s] INFO:colcon.colcon_core.shell:Creating prefix chain script '/home/germangiraffe/Documents/Robotics/MROV-25-ROS-OPERATOR/install/setup.ps1'
[2.093s] INFO:colcon.colcon_core.shell:Creating prefix script '/home/germangiraffe/Documents/Robotics/MROV-25-ROS-OPERATOR/install/local_setup.sh'
[2.093s] INFO:colcon.colcon_core.shell:Creating prefix util module '/home/germangiraffe/Documents/Robotics/MROV-25-ROS-OPERATOR/install/_local_setup_util_sh.py'
[2.094s] INFO:colcon.colcon_core.shell:Creating prefix chain script '/home/germangiraffe/Documents/Robotics/MROV-25-ROS-OPERATOR/install/setup.sh'
[2.095s] INFO:colcon.colcon_core.shell:Creating prefix script '/home/germangiraffe/Documents/Robotics/MROV-25-ROS-OPERATOR/install/local_setup.bash'
[2.096s] INFO:colcon.colcon_core.shell:Creating prefix chain script '/home/germangiraffe/Documents/Robotics/MROV-25-ROS-OPERATOR/install/setup.bash'
[2.097s] INFO:colcon.colcon_core.shell:Creating prefix script '/home/germangiraffe/Documents/Robotics/MROV-25-ROS-OPERATOR/install/local_setup.zsh'
[2.098s] INFO:colcon.colcon_core.shell:Creating prefix chain script '/home/germangiraffe/Documents/Robotics/MROV-25-ROS-OPERATOR/install/setup.zsh'
