running egg_info
creating build/MROV-25-ROS-OPERATOR/MROV_25_ROS_OPERATOR.egg-info
writing build/MROV-25-ROS-OPERATOR/MROV_25_ROS_OPERATOR.egg-info/PKG-INFO
writing dependency_links to build/MROV-25-ROS-OPERATOR/MROV_25_ROS_OPERATOR.egg-info/dependency_links.txt
writing entry points to build/MROV-25-ROS-OPERATOR/MROV_25_ROS_OPERATOR.egg-info/entry_points.txt
writing requirements to build/MROV-25-ROS-OPERATOR/MROV_25_ROS_OPERATOR.egg-info/requires.txt
writing top-level names to build/MROV-25-ROS-OPERATOR/MROV_25_ROS_OPERATOR.egg-info/top_level.txt
writing manifest file 'build/MROV-25-ROS-OPERATOR/MROV_25_ROS_OPERATOR.egg-info/SOURCES.txt'
reading manifest file 'build/MROV-25-ROS-OPERATOR/MROV_25_ROS_OPERATOR.egg-info/SOURCES.txt'
adding license file 'LICENSE'
writing manifest file 'build/MROV-25-ROS-OPERATOR/MROV_25_ROS_OPERATOR.egg-info/SOURCES.txt'
running build
running build_py
creating /home/germangiraffe/Documents/Robotics/MROV-25-ROS-OPERATOR/build/MROV-25-ROS-OPERATOR/build
creating /home/germangiraffe/Documents/Robotics/MROV-25-ROS-OPERATOR/build/MROV-25-ROS-OPERATOR/build/lib
creating /home/germangiraffe/Documents/Robotics/MROV-25-ROS-OPERATOR/build/MROV-25-ROS-OPERATOR/build/lib/MROV_25_ROS_OPERATOR
copying MROV_25_ROS_OPERATOR/__init__.py -> /home/germangiraffe/Documents/Robotics/MROV-25-ROS-OPERATOR/build/MROV-25-ROS-OPERATOR/build/lib/MROV_25_ROS_OPERATOR
copying MROV_25_ROS_OPERATOR/joy_test.py -> /home/germangiraffe/Documents/Robotics/MROV-25-ROS-OPERATOR/build/MROV-25-ROS-OPERATOR/build/lib/MROV_25_ROS_OPERATOR
copying MROV_25_ROS_OPERATOR/controller.py -> /home/germangiraffe/Documents/Robotics/MROV-25-ROS-OPERATOR/build/MROV-25-ROS-OPERATOR/build/lib/MROV_25_ROS_OPERATOR
running install
running install_lib
creating /home/germangiraffe/Documents/Robotics/MROV-25-ROS-OPERATOR/install/MROV-25-ROS-OPERATOR/lib/python3.10/site-packages/MROV_25_ROS_OPERATOR
copying /home/germangiraffe/Documents/Robotics/MROV-25-ROS-OPERATOR/build/MROV-25-ROS-OPERATOR/build/lib/MROV_25_ROS_OPERATOR/__init__.py -> /home/germangiraffe/Documents/Robotics/MROV-25-ROS-OPERATOR/install/MROV-25-ROS-OPERATOR/lib/python3.10/site-packages/MROV_25_ROS_OPERATOR
copying /home/germangiraffe/Documents/Robotics/MROV-25-ROS-OPERATOR/build/MROV-25-ROS-OPERATOR/build/lib/MROV_25_ROS_OPERATOR/joy_test.py -> /home/germangiraffe/Documents/Robotics/MROV-25-ROS-OPERATOR/install/MROV-25-ROS-OPERATOR/lib/python3.10/site-packages/MROV_25_ROS_OPERATOR
copying /home/germangiraffe/Documents/Robotics/MROV-25-ROS-OPERATOR/build/MROV-25-ROS-OPERATOR/build/lib/MROV_25_ROS_OPERATOR/controller.py -> /home/germangiraffe/Documents/Robotics/MROV-25-ROS-OPERATOR/install/MROV-25-ROS-OPERATOR/lib/python3.10/site-packages/MROV_25_ROS_OPERATOR
byte-compiling /home/germangiraffe/Documents/Robotics/MROV-25-ROS-OPERATOR/install/MROV-25-ROS-OPERATOR/lib/python3.10/site-packages/MROV_25_ROS_OPERATOR/__init__.py to __init__.cpython-310.pyc
byte-compiling /home/germangiraffe/Documents/Robotics/MROV-25-ROS-OPERATOR/install/MROV-25-ROS-OPERATOR/lib/python3.10/site-packages/MROV_25_ROS_OPERATOR/joy_test.py to joy_test.cpython-310.pyc
byte-compiling /home/germangiraffe/Documents/Robotics/MROV-25-ROS-OPERATOR/install/MROV-25-ROS-OPERATOR/lib/python3.10/site-packages/MROV_25_ROS_OPERATOR/controller.py to controller.cpython-310.pyc
running install_data
creating /home/germangiraffe/Documents/Robotics/MROV-25-ROS-OPERATOR/install/MROV-25-ROS-OPERATOR/share/ament_index
creating /home/germangiraffe/Documents/Robotics/MROV-25-ROS-OPERATOR/install/MROV-25-ROS-OPERATOR/share/ament_index/resource_index
creating /home/germangiraffe/Documents/Robotics/MROV-25-ROS-OPERATOR/install/MROV-25-ROS-OPERATOR/share/ament_index/resource_index/packages
copying resource/MROV-25-ROS-OPERATOR -> /home/germangiraffe/Documents/Robotics/MROV-25-ROS-OPERATOR/install/MROV-25-ROS-OPERATOR/share/ament_index/resource_index/packages
copying package.xml -> /home/germangiraffe/Documents/Robotics/MROV-25-ROS-OPERATOR/install/MROV-25-ROS-OPERATOR/share/MROV-25-ROS-OPERATOR
running install_egg_info
Copying build/MROV-25-ROS-OPERATOR/MROV_25_ROS_OPERATOR.egg-info to /home/germangiraffe/Documents/Robotics/MROV-25-ROS-OPERATOR/install/MROV-25-ROS-OPERATOR/lib/python3.10/site-packages/MROV_25_ROS_OPERATOR-0.0.0-py3.10.egg-info
running install_scripts
Installing controller = MROV_25_ROS_OPERATOR.controller:mainjoy_to_controller script to /home/germangiraffe/Documents/Robotics/MROV-25-ROS-OPERATOR/install/MROV-25-ROS-OPERATOR/lib/MROV-25-ROS-OPERATOR
writing list of installed files to '/home/germangiraffe/Documents/Robotics/MROV-25-ROS-OPERATOR/build/MROV-25-ROS-OPERATOR/install.log'
