[0.829s] Invoking command in '/home/germangiraffe/Documents/Robotics/MROV-25-ROS-OPERATOR': PYTHONPATH=/home/germangiraffe/Documents/Robotics/MROV-25-ROS-OPERATOR/build/MROV-25-ROS-OPERATOR/prefix_override:/usr/lib/python3/dist-packages/colcon_core/task/python/colcon_distutils_commands:/home/germangiraffe/Documents/Robotics/MROV-25-ROS-OPERATOR/install/MROV-25-ROS-OPERATOR/lib/python3.10/site-packages:${PYTHONPATH} /usr/bin/python3 -W ignore:setup.py install is deprecated -W ignore:easy_install command is deprecated setup.py egg_info --egg-base build/MROV-25-ROS-OPERATOR build --build-base /home/germangiraffe/Documents/Robotics/MROV-25-ROS-OPERATOR/build/MROV-25-ROS-OPERATOR/build install --record /home/germangiraffe/Documents/Robotics/MROV-25-ROS-OPERATOR/build/MROV-25-ROS-OPERATOR/install.log --single-version-externally-managed install_data
[1.041s] running egg_info
[1.041s] creating build/MROV-25-ROS-OPERATOR/MROV_25_ROS_OPERATOR.egg-info
[1.041s] writing build/MROV-25-ROS-OPERATOR/MROV_25_ROS_OPERATOR.egg-info/PKG-INFO
[1.042s] writing dependency_links to build/MROV-25-ROS-OPERATOR/MROV_25_ROS_OPERATOR.egg-info/dependency_links.txt
[1.044s] writing entry points to build/MROV-25-ROS-OPERATOR/MROV_25_ROS_OPERATOR.egg-info/entry_points.txt
[1.044s] writing requirements to build/MROV-25-ROS-OPERATOR/MROV_25_ROS_OPERATOR.egg-info/requires.txt
[1.044s] writing top-level names to build/MROV-25-ROS-OPERATOR/MROV_25_ROS_OPERATOR.egg-info/top_level.txt
[1.044s] writing manifest file 'build/MROV-25-ROS-OPERATOR/MROV_25_ROS_OPERATOR.egg-info/SOURCES.txt'
[1.044s] reading manifest file 'build/MROV-25-ROS-OPERATOR/MROV_25_ROS_OPERATOR.egg-info/SOURCES.txt'
[1.045s] adding license file 'LICENSE'
[1.045s] writing manifest file 'build/MROV-25-ROS-OPERATOR/MROV_25_ROS_OPERATOR.egg-info/SOURCES.txt'
[1.046s] running build
[1.046s] running build_py
[1.046s] creating /home/germangiraffe/Documents/Robotics/MROV-25-ROS-OPERATOR/build/MROV-25-ROS-OPERATOR/build
[1.046s] creating /home/germangiraffe/Documents/Robotics/MROV-25-ROS-OPERATOR/build/MROV-25-ROS-OPERATOR/build/lib
[1.046s] creating /home/germangiraffe/Documents/Robotics/MROV-25-ROS-OPERATOR/build/MROV-25-ROS-OPERATOR/build/lib/MROV_25_ROS_OPERATOR
[1.046s] copying MROV_25_ROS_OPERATOR/__init__.py -> /home/germangiraffe/Documents/Robotics/MROV-25-ROS-OPERATOR/build/MROV-25-ROS-OPERATOR/build/lib/MROV_25_ROS_OPERATOR
[1.046s] copying MROV_25_ROS_OPERATOR/joy_test.py -> /home/germangiraffe/Documents/Robotics/MROV-25-ROS-OPERATOR/build/MROV-25-ROS-OPERATOR/build/lib/MROV_25_ROS_OPERATOR
[1.047s] copying MROV_25_ROS_OPERATOR/controller.py -> /home/germangiraffe/Documents/Robotics/MROV-25-ROS-OPERATOR/build/MROV-25-ROS-OPERATOR/build/lib/MROV_25_ROS_OPERATOR
[1.047s] running install
[1.047s] running install_lib
[1.048s] creating /home/germangiraffe/Documents/Robotics/MROV-25-ROS-OPERATOR/install/MROV-25-ROS-OPERATOR/lib/python3.10/site-packages/MROV_25_ROS_OPERATOR
[1.048s] copying /home/germangiraffe/Documents/Robotics/MROV-25-ROS-OPERATOR/build/MROV-25-ROS-OPERATOR/build/lib/MROV_25_ROS_OPERATOR/__init__.py -> /home/germangiraffe/Documents/Robotics/MROV-25-ROS-OPERATOR/install/MROV-25-ROS-OPERATOR/lib/python3.10/site-packages/MROV_25_ROS_OPERATOR
[1.048s] copying /home/germangiraffe/Documents/Robotics/MROV-25-ROS-OPERATOR/build/MROV-25-ROS-OPERATOR/build/lib/MROV_25_ROS_OPERATOR/joy_test.py -> /home/germangiraffe/Documents/Robotics/MROV-25-ROS-OPERATOR/install/MROV-25-ROS-OPERATOR/lib/python3.10/site-packages/MROV_25_ROS_OPERATOR
[1.048s] copying /home/germangiraffe/Documents/Robotics/MROV-25-ROS-OPERATOR/build/MROV-25-ROS-OPERATOR/build/lib/MROV_25_ROS_OPERATOR/controller.py -> /home/germangiraffe/Documents/Robotics/MROV-25-ROS-OPERATOR/install/MROV-25-ROS-OPERATOR/lib/python3.10/site-packages/MROV_25_ROS_OPERATOR
[1.049s] byte-compiling /home/germangiraffe/Documents/Robotics/MROV-25-ROS-OPERATOR/install/MROV-25-ROS-OPERATOR/lib/python3.10/site-packages/MROV_25_ROS_OPERATOR/__init__.py to __init__.cpython-310.pyc
[1.050s] byte-compiling /home/germangiraffe/Documents/Robotics/MROV-25-ROS-OPERATOR/install/MROV-25-ROS-OPERATOR/lib/python3.10/site-packages/MROV_25_ROS_OPERATOR/joy_test.py to joy_test.cpython-310.pyc
[1.050s] byte-compiling /home/germangiraffe/Documents/Robotics/MROV-25-ROS-OPERATOR/install/MROV-25-ROS-OPERATOR/lib/python3.10/site-packages/MROV_25_ROS_OPERATOR/controller.py to controller.cpython-310.pyc
[1.051s] running install_data
[1.051s] creating /home/germangiraffe/Documents/Robotics/MROV-25-ROS-OPERATOR/install/MROV-25-ROS-OPERATOR/share/ament_index
[1.051s] creating /home/germangiraffe/Documents/Robotics/MROV-25-ROS-OPERATOR/install/MROV-25-ROS-OPERATOR/share/ament_index/resource_index
[1.051s] creating /home/germangiraffe/Documents/Robotics/MROV-25-ROS-OPERATOR/install/MROV-25-ROS-OPERATOR/share/ament_index/resource_index/packages
[1.052s] copying resource/MROV-25-ROS-OPERATOR -> /home/germangiraffe/Documents/Robotics/MROV-25-ROS-OPERATOR/install/MROV-25-ROS-OPERATOR/share/ament_index/resource_index/packages
[1.052s] copying package.xml -> /home/germangiraffe/Documents/Robotics/MROV-25-ROS-OPERATOR/install/MROV-25-ROS-OPERATOR/share/MROV-25-ROS-OPERATOR
[1.052s] running install_egg_info
[1.055s] Copying build/MROV-25-ROS-OPERATOR/MROV_25_ROS_OPERATOR.egg-info to /home/germangiraffe/Documents/Robotics/MROV-25-ROS-OPERATOR/install/MROV-25-ROS-OPERATOR/lib/python3.10/site-packages/MROV_25_ROS_OPERATOR-0.0.0-py3.10.egg-info
[1.055s] running install_scripts
[1.072s] Installing controller = MROV_25_ROS_OPERATOR.controller:mainjoy_to_controller script to /home/germangiraffe/Documents/Robotics/MROV-25-ROS-OPERATOR/install/MROV-25-ROS-OPERATOR/lib/MROV-25-ROS-OPERATOR
[1.072s] writing list of installed files to '/home/germangiraffe/Documents/Robotics/MROV-25-ROS-OPERATOR/build/MROV-25-ROS-OPERATOR/install.log'
[1.092s] Invoked command in '/home/germangiraffe/Documents/Robotics/MROV-25-ROS-OPERATOR' returned '0': PYTHONPATH=/home/germangiraffe/Documents/Robotics/MROV-25-ROS-OPERATOR/build/MROV-25-ROS-OPERATOR/prefix_override:/usr/lib/python3/dist-packages/colcon_core/task/python/colcon_distutils_commands:/home/germangiraffe/Documents/Robotics/MROV-25-ROS-OPERATOR/install/MROV-25-ROS-OPERATOR/lib/python3.10/site-packages:${PYTHONPATH} /usr/bin/python3 -W ignore:setup.py install is deprecated -W ignore:easy_install command is deprecated setup.py egg_info --egg-base build/MROV-25-ROS-OPERATOR build --build-base /home/germangiraffe/Documents/Robotics/MROV-25-ROS-OPERATOR/build/MROV-25-ROS-OPERATOR/build install --record /home/germangiraffe/Documents/Robotics/MROV-25-ROS-OPERATOR/build/MROV-25-ROS-OPERATOR/install.log --single-version-externally-managed install_data
