[0.129s] DEBUG:colcon:Command line arguments: ['/usr/bin/colcon', 'build']
[0.129s] DEBUG:colcon:Parsed command line arguments: Namespace(log_base=None, log_level=None, verb_name='build', build_base='build', install_base='install', merge_install=False, symlink_install=False, test_result_base=None, continue_on_error=False, executor='parallel', parallel_workers=2, event_handlers=None, ignore_user_meta=False, metas=['./colcon.meta'], base_paths=['.'], packages_ignore=None, packages_ignore_regex=None, paths=None, packages_up_to=None, packages_up_to_regex=None, packages_above=None, packages_above_and_dependencies=None, packages_above_depth=None, packages_select_by_dep=None, packages_skip_by_dep=None, packages_skip_up_to=None, packages_select_build_failed=False, packages_skip_build_finished=False, packages_select_test_failures=False, packages_skip_test_passed=False, packages_select=None, packages_skip=None, packages_select_regex=None, packages_skip_regex=None, packages_start=None, packages_end=None, allow_overriding=[], cmake_args=None, cmake_target=None, cmake_target_skip_unavailable=False, cmake_clean_cache=False, cmake_clean_first=False, cmake_force_configure=False, ament_cmake_args=None, catkin_cmake_args=None, catkin_skip_building_tests=False, mixin_files=None, mixin=None, verb_parser=<colcon_mixin.mixin.mixin_argument.MixinArgumentDecorator object at 0x7767a75daec0>, verb_extension=<colcon_core.verb.build.BuildVerb object at 0x7767a775be20>, main=<bound method BuildVerb.main of <colcon_core.verb.build.BuildVerb object at 0x7767a775be20>>, mixin_verb=('build',))
[0.295s] Level 1:colcon.colcon_core.package_discovery:discover_packages(colcon_meta) check parameters
[0.295s] Level 1:colcon.colcon_core.package_discovery:discover_packages(recursive) check parameters
[0.295s] Level 1:colcon.colcon_core.package_discovery:discover_packages(ignore) check parameters
[0.295s] Level 1:colcon.colcon_core.package_discovery:discover_packages(path) check parameters
[0.295s] Level 1:colcon.colcon_core.package_discovery:discover_packages(colcon_meta) discover
[0.295s] Level 1:colcon.colcon_core.package_discovery:discover_packages(recursive) discover
[0.295s] INFO:colcon.colcon_core.package_discovery:Crawling recursively for packages in '/home/germangiraffe/Documents/tester/ros2_ws/src/MROV-25-ROS-OPERATOR'
[0.295s] Level 1:colcon.colcon_core.package_identification:_identify(.) by extensions ['ignore', 'ignore_ament_install']
[0.295s] Level 1:colcon.colcon_core.package_identification:_identify(.) by extension 'ignore'
[0.295s] Level 1:colcon.colcon_core.package_identification:_identify(.) by extension 'ignore_ament_install'
[0.296s] Level 1:colcon.colcon_core.package_identification:_identify(.) by extensions ['colcon_pkg']
[0.296s] Level 1:colcon.colcon_core.package_identification:_identify(.) by extension 'colcon_pkg'
[0.296s] Level 1:colcon.colcon_core.package_identification:_identify(.) by extensions ['colcon_meta']
[0.296s] Level 1:colcon.colcon_core.package_identification:_identify(.) by extension 'colcon_meta'
[0.296s] Level 1:colcon.colcon_core.package_identification:_identify(.) by extensions ['ros']
[0.296s] Level 1:colcon.colcon_core.package_identification:_identify(.) by extension 'ros'
[0.310s] DEBUG:colcon.colcon_core.package_identification:Package '.' with type 'ros.ament_python' and name 'MROV_25_ROS_OPERATOR'
[0.310s] Level 1:colcon.colcon_core.package_discovery:discover_packages(recursive) using defaults
[0.310s] Level 1:colcon.colcon_core.package_discovery:discover_packages(ignore) discover
[0.310s] Level 1:colcon.colcon_core.package_discovery:discover_packages(ignore) using defaults
[0.310s] Level 1:colcon.colcon_core.package_discovery:discover_packages(path) discover
[0.310s] Level 1:colcon.colcon_core.package_discovery:discover_packages(path) using defaults
[0.345s] Level 1:colcon.colcon_core.package_discovery:discover_packages(prefix_path) check parameters
[0.345s] Level 1:colcon.colcon_core.package_discovery:discover_packages(prefix_path) discover
[0.347s] DEBUG:colcon.colcon_installed_package_information.package_discovery:Found 1 installed packages in /home/germangiraffe/Documents/tester/ros2_ws/src/MROV-25-ROS-OPERATOR/install
[0.347s] DEBUG:colcon.colcon_installed_package_information.package_discovery:Found 2 installed packages in /home/germangiraffe/Documents/tester/ros2_ws/src/install
[0.349s] DEBUG:colcon.colcon_installed_package_information.package_discovery:Found 314 installed packages in /opt/ros/humble
[0.350s] Level 1:colcon.colcon_core.package_discovery:discover_packages(prefix_path) using defaults
[0.397s] Level 5:colcon.colcon_core.verb:set package 'MROV_25_ROS_OPERATOR' build argument 'cmake_args' from command line to 'None'
[0.397s] Level 5:colcon.colcon_core.verb:set package 'MROV_25_ROS_OPERATOR' build argument 'cmake_target' from command line to 'None'
[0.398s] Level 5:colcon.colcon_core.verb:set package 'MROV_25_ROS_OPERATOR' build argument 'cmake_target_skip_unavailable' from command line to 'False'
[0.398s] Level 5:colcon.colcon_core.verb:set package 'MROV_25_ROS_OPERATOR' build argument 'cmake_clean_cache' from command line to 'False'
[0.398s] Level 5:colcon.colcon_core.verb:set package 'MROV_25_ROS_OPERATOR' build argument 'cmake_clean_first' from command line to 'False'
[0.398s] Level 5:colcon.colcon_core.verb:set package 'MROV_25_ROS_OPERATOR' build argument 'cmake_force_configure' from command line to 'False'
[0.398s] Level 5:colcon.colcon_core.verb:set package 'MROV_25_ROS_OPERATOR' build argument 'ament_cmake_args' from command line to 'None'
[0.398s] Level 5:colcon.colcon_core.verb:set package 'MROV_25_ROS_OPERATOR' build argument 'catkin_cmake_args' from command line to 'None'
[0.398s] Level 5:colcon.colcon_core.verb:set package 'MROV_25_ROS_OPERATOR' build argument 'catkin_skip_building_tests' from command line to 'False'
[0.398s] DEBUG:colcon.colcon_core.verb:Building package 'MROV_25_ROS_OPERATOR' with the following arguments: {'ament_cmake_args': None, 'build_base': '/home/germangiraffe/Documents/tester/ros2_ws/src/MROV-25-ROS-OPERATOR/build/MROV_25_ROS_OPERATOR', 'catkin_cmake_args': None, 'catkin_skip_building_tests': False, 'cmake_args': None, 'cmake_clean_cache': False, 'cmake_clean_first': False, 'cmake_force_configure': False, 'cmake_target': None, 'cmake_target_skip_unavailable': False, 'install_base': '/home/germangiraffe/Documents/tester/ros2_ws/src/MROV-25-ROS-OPERATOR/install/MROV_25_ROS_OPERATOR', 'merge_install': False, 'path': '/home/germangiraffe/Documents/tester/ros2_ws/src/MROV-25-ROS-OPERATOR', 'symlink_install': False, 'test_result_base': None}
[0.398s] INFO:colcon.colcon_core.executor:Executing jobs using 'parallel' executor
[0.399s] DEBUG:colcon.colcon_parallel_executor.executor.parallel:run_until_complete
[0.400s] INFO:colcon.colcon_ros.task.ament_python.build:Building ROS package in '/home/germangiraffe/Documents/tester/ros2_ws/src/MROV-25-ROS-OPERATOR' with build type 'ament_python'
[0.400s] Level 1:colcon.colcon_core.shell:create_environment_hook('MROV_25_ROS_OPERATOR', 'ament_prefix_path')
[0.403s] INFO:colcon.colcon_core.plugin_system:Skipping extension 'colcon_core.shell.bat': Not used on non-Windows systems
[0.403s] INFO:colcon.colcon_core.shell:Creating environment hook '/home/germangiraffe/Documents/tester/ros2_ws/src/MROV-25-ROS-OPERATOR/install/MROV_25_ROS_OPERATOR/share/MROV_25_ROS_OPERATOR/hook/ament_prefix_path.ps1'
[0.404s] INFO:colcon.colcon_core.shell:Creating environment descriptor '/home/germangiraffe/Documents/tester/ros2_ws/src/MROV-25-ROS-OPERATOR/install/MROV_25_ROS_OPERATOR/share/MROV_25_ROS_OPERATOR/hook/ament_prefix_path.dsv'
[0.405s] INFO:colcon.colcon_core.shell:Creating environment hook '/home/germangiraffe/Documents/tester/ros2_ws/src/MROV-25-ROS-OPERATOR/install/MROV_25_ROS_OPERATOR/share/MROV_25_ROS_OPERATOR/hook/ament_prefix_path.sh'
[0.406s] INFO:colcon.colcon_core.shell:Skip shell extension 'powershell' for command environment: Not usable outside of PowerShell
[0.406s] DEBUG:colcon.colcon_core.shell:Skip shell extension 'dsv' for command environment
[0.723s] INFO:colcon.colcon_core.task.python.build:Building Python package in '/home/germangiraffe/Documents/tester/ros2_ws/src/MROV-25-ROS-OPERATOR'
[0.723s] INFO:colcon.colcon_core.shell:Skip shell extension 'powershell' for command environment: Not usable outside of PowerShell
[0.723s] DEBUG:colcon.colcon_core.shell:Skip shell extension 'dsv' for command environment
[1.234s] DEBUG:colcon.colcon_core.event_handler.log_command:Invoking command in '/home/germangiraffe/Documents/tester/ros2_ws/src/MROV-25-ROS-OPERATOR': PYTHONPATH=/home/germangiraffe/Documents/tester/ros2_ws/src/MROV-25-ROS-OPERATOR/build/MROV_25_ROS_OPERATOR/prefix_override:/usr/lib/python3/dist-packages/colcon_core/task/python/colcon_distutils_commands:/home/germangiraffe/Documents/tester/ros2_ws/src/MROV-25-ROS-OPERATOR/install/MROV_25_ROS_OPERATOR/lib/python3.10/site-packages:${PYTHONPATH} /usr/bin/python3 -W ignore:setup.py install is deprecated -W ignore:easy_install command is deprecated setup.py egg_info --egg-base build/MROV_25_ROS_OPERATOR build --build-base /home/germangiraffe/Documents/tester/ros2_ws/src/MROV-25-ROS-OPERATOR/build/MROV_25_ROS_OPERATOR/build install --record /home/germangiraffe/Documents/tester/ros2_ws/src/MROV-25-ROS-OPERATOR/build/MROV_25_ROS_OPERATOR/install.log --single-version-externally-managed install_data
[1.680s] DEBUG:colcon.colcon_core.event_handler.log_command:Invoked command in '/home/germangiraffe/Documents/tester/ros2_ws/src/MROV-25-ROS-OPERATOR' returned '0': PYTHONPATH=/home/germangiraffe/Documents/tester/ros2_ws/src/MROV-25-ROS-OPERATOR/build/MROV_25_ROS_OPERATOR/prefix_override:/usr/lib/python3/dist-packages/colcon_core/task/python/colcon_distutils_commands:/home/germangiraffe/Documents/tester/ros2_ws/src/MROV-25-ROS-OPERATOR/install/MROV_25_ROS_OPERATOR/lib/python3.10/site-packages:${PYTHONPATH} /usr/bin/python3 -W ignore:setup.py install is deprecated -W ignore:easy_install command is deprecated setup.py egg_info --egg-base build/MROV_25_ROS_OPERATOR build --build-base /home/germangiraffe/Documents/tester/ros2_ws/src/MROV-25-ROS-OPERATOR/build/MROV_25_ROS_OPERATOR/build install --record /home/germangiraffe/Documents/tester/ros2_ws/src/MROV-25-ROS-OPERATOR/build/MROV_25_ROS_OPERATOR/install.log --single-version-externally-managed install_data
[1.686s] Level 1:colcon.colcon_core.environment:checking '/home/germangiraffe/Documents/tester/ros2_ws/src/MROV-25-ROS-OPERATOR/install/MROV_25_ROS_OPERATOR' for CMake module files
[1.687s] Level 1:colcon.colcon_core.environment:checking '/home/germangiraffe/Documents/tester/ros2_ws/src/MROV-25-ROS-OPERATOR/install/MROV_25_ROS_OPERATOR' for CMake config files
[1.688s] Level 1:colcon.colcon_core.environment:checking '/home/germangiraffe/Documents/tester/ros2_ws/src/MROV-25-ROS-OPERATOR/install/MROV_25_ROS_OPERATOR/lib'
[1.688s] Level 1:colcon.colcon_core.environment:checking '/home/germangiraffe/Documents/tester/ros2_ws/src/MROV-25-ROS-OPERATOR/install/MROV_25_ROS_OPERATOR/bin'
[1.688s] Level 1:colcon.colcon_core.environment:checking '/home/germangiraffe/Documents/tester/ros2_ws/src/MROV-25-ROS-OPERATOR/install/MROV_25_ROS_OPERATOR/lib/pkgconfig/MROV_25_ROS_OPERATOR.pc'
[1.688s] Level 1:colcon.colcon_core.environment:checking '/home/germangiraffe/Documents/tester/ros2_ws/src/MROV-25-ROS-OPERATOR/install/MROV_25_ROS_OPERATOR/lib/python3.10/site-packages'
[1.688s] Level 1:colcon.colcon_core.shell:create_environment_hook('MROV_25_ROS_OPERATOR', 'pythonpath')
[1.689s] INFO:colcon.colcon_core.shell:Creating environment hook '/home/germangiraffe/Documents/tester/ros2_ws/src/MROV-25-ROS-OPERATOR/install/MROV_25_ROS_OPERATOR/share/MROV_25_ROS_OPERATOR/hook/pythonpath.ps1'
[1.689s] INFO:colcon.colcon_core.shell:Creating environment descriptor '/home/germangiraffe/Documents/tester/ros2_ws/src/MROV-25-ROS-OPERATOR/install/MROV_25_ROS_OPERATOR/share/MROV_25_ROS_OPERATOR/hook/pythonpath.dsv'
[1.690s] INFO:colcon.colcon_core.shell:Creating environment hook '/home/germangiraffe/Documents/tester/ros2_ws/src/MROV-25-ROS-OPERATOR/install/MROV_25_ROS_OPERATOR/share/MROV_25_ROS_OPERATOR/hook/pythonpath.sh'
[1.691s] Level 1:colcon.colcon_core.environment:checking '/home/germangiraffe/Documents/tester/ros2_ws/src/MROV-25-ROS-OPERATOR/install/MROV_25_ROS_OPERATOR/bin'
[1.691s] Level 1:colcon.colcon_core.environment:create_environment_scripts_only(MROV_25_ROS_OPERATOR)
[1.691s] INFO:colcon.colcon_core.shell:Creating package script '/home/germangiraffe/Documents/tester/ros2_ws/src/MROV-25-ROS-OPERATOR/install/MROV_25_ROS_OPERATOR/share/MROV_25_ROS_OPERATOR/package.ps1'
[1.692s] INFO:colcon.colcon_core.shell:Creating package descriptor '/home/germangiraffe/Documents/tester/ros2_ws/src/MROV-25-ROS-OPERATOR/install/MROV_25_ROS_OPERATOR/share/MROV_25_ROS_OPERATOR/package.dsv'
[1.692s] INFO:colcon.colcon_core.shell:Creating package script '/home/germangiraffe/Documents/tester/ros2_ws/src/MROV-25-ROS-OPERATOR/install/MROV_25_ROS_OPERATOR/share/MROV_25_ROS_OPERATOR/package.sh'
[1.694s] INFO:colcon.colcon_core.shell:Creating package script '/home/germangiraffe/Documents/tester/ros2_ws/src/MROV-25-ROS-OPERATOR/install/MROV_25_ROS_OPERATOR/share/MROV_25_ROS_OPERATOR/package.bash'
[1.695s] INFO:colcon.colcon_core.shell:Creating package script '/home/germangiraffe/Documents/tester/ros2_ws/src/MROV-25-ROS-OPERATOR/install/MROV_25_ROS_OPERATOR/share/MROV_25_ROS_OPERATOR/package.zsh'
[1.696s] Level 1:colcon.colcon_core.environment:create_file_with_runtime_dependencies(/home/germangiraffe/Documents/tester/ros2_ws/src/MROV-25-ROS-OPERATOR/install/MROV_25_ROS_OPERATOR/share/colcon-core/packages/MROV_25_ROS_OPERATOR)
[1.698s] DEBUG:colcon.colcon_parallel_executor.executor.parallel:closing loop
[1.698s] DEBUG:colcon.colcon_parallel_executor.executor.parallel:loop closed
[1.698s] DEBUG:colcon.colcon_parallel_executor.executor.parallel:run_until_complete finished with '0'
[1.698s] DEBUG:colcon.colcon_core.event_reactor:joining thread
[1.706s] INFO:colcon.colcon_core.plugin_system:Skipping extension 'colcon_notification.desktop_notification.terminal_notifier': Not used on non-Darwin systems
[1.706s] INFO:colcon.colcon_core.plugin_system:Skipping extension 'colcon_notification.desktop_notification.win32': Not used on non-Windows systems
[1.706s] INFO:colcon.colcon_notification.desktop_notification:Sending desktop notification using 'notify2'
[1.727s] DEBUG:colcon.colcon_core.event_reactor:joined thread
[1.728s] INFO:colcon.colcon_core.shell:Creating prefix script '/home/germangiraffe/Documents/tester/ros2_ws/src/MROV-25-ROS-OPERATOR/install/local_setup.ps1'
[1.732s] INFO:colcon.colcon_core.shell:Creating prefix util module '/home/germangiraffe/Documents/tester/ros2_ws/src/MROV-25-ROS-OPERATOR/install/_local_setup_util_ps1.py'
[1.735s] INFO:colcon.colcon_core.shell:Creating prefix chain script '/home/germangiraffe/Documents/tester/ros2_ws/src/MROV-25-ROS-OPERATOR/install/setup.ps1'
[1.739s] INFO:colcon.colcon_core.shell:Creating prefix script '/home/germangiraffe/Documents/tester/ros2_ws/src/MROV-25-ROS-OPERATOR/install/local_setup.sh'
[1.740s] INFO:colcon.colcon_core.shell:Creating prefix util module '/home/germangiraffe/Documents/tester/ros2_ws/src/MROV-25-ROS-OPERATOR/install/_local_setup_util_sh.py'
[1.741s] INFO:colcon.colcon_core.shell:Creating prefix chain script '/home/germangiraffe/Documents/tester/ros2_ws/src/MROV-25-ROS-OPERATOR/install/setup.sh'
[1.744s] INFO:colcon.colcon_core.shell:Creating prefix script '/home/germangiraffe/Documents/tester/ros2_ws/src/MROV-25-ROS-OPERATOR/install/local_setup.bash'
[1.745s] INFO:colcon.colcon_core.shell:Creating prefix chain script '/home/germangiraffe/Documents/tester/ros2_ws/src/MROV-25-ROS-OPERATOR/install/setup.bash'
[1.747s] INFO:colcon.colcon_core.shell:Creating prefix script '/home/germangiraffe/Documents/tester/ros2_ws/src/MROV-25-ROS-OPERATOR/install/local_setup.zsh'
[1.748s] INFO:colcon.colcon_core.shell:Creating prefix chain script '/home/germangiraffe/Documents/tester/ros2_ws/src/MROV-25-ROS-OPERATOR/install/setup.zsh'
